[jsobola.atari8.info/DEREATARI/index.html]
[backblue.gif]
[fade.gif]
[index.html]
[jsobola.atari8.info/DEREATARI/lewydere.html]
[jsobola.atari8.info/DEREATARI/startdere.html]
[jsobola.atari8.info/DEREATARI/index.html]
[jsobola.atari8.info/DEREATARI/blue]
[jsobola.atari8.info/DEREATARI/images/keys/pocz.gif]
[jsobola.atari8.info/DEREATARI/historia.html]
[jsobola.atari8.info/DEREATARI/images/keys/hist.gif]
[jsobola.atari8.info/DEREATARI/muzeum.html]
[jsobola.atari8.info/DEREATARI/images/keys/muzeum.gif]
[jsobola.atari8.info/DEREATARI/schematy.html]
[jsobola.atari8.info/DEREATARI/images/keys/schem.gif]
[jsobola.atari8.info/DEREATARI/serw.html]
[jsobola.atari8.info/DEREATARI/images/keys/serwis.gif]
[jsobola.atari8.info/DEREATARI/literat.html]
[jsobola.atari8.info/DEREATARI/images/keys/lit.gif]
[jsobola.atari8.info/DEREATARI/omnie.html]
[jsobola.atari8.info/DEREATARI/images/keys/omnie.gif]
[jsobola.atari8.info/DEREATARI/lewydere.html]
[jsobola.atari8.info/DEREATARI/aqua]
[jsobola.atari8.info/DEREATARI/images/dereatari.gif]
[jsobola.atari8.info/DEREATARI/images/jerbann.gif]
[jsobola.atari8.info/DEREATARI/images/Apple II Hardware1.gif]
[jsobola.atari8.info/DEREATARI/startdere.html]
[jsobola.atari8.info/DEREATARI/blue.html]
[jsobola.atari8.info/DEREATARI/images/historia.gif]
[jsobola.atari8.info/DEREATARI/start.htm]
[jsobola.atari8.info/DEREATARI/mojekons.htm]
[jsobola.atari8.info/DEREATARI/historia.html]
[jsobola.atari8.info/DEREATARI/images/muzeum.gif]
[jsobola.atari8.info/DEREATARI/images/800xl_4.jpg]
[jsobola.atari8.info/DEREATARI/400.html]
[jsobola.atari8.info/DEREATARI/xl.html]
[jsobola.atari8.info/DEREATARI/xe.html]
[jsobola.atari8.info/DEREATARI/konsole.html]
[jsobola.atari8.info/DEREATARI/muzeum.html]
[jsobola.atari8.info/DEREATARI/inne.html]
[jsobola.atari8.info/DEREATARI/images/schematy.gif]
[jsobola.atari8.info/DEREATARI/atarisch/1010.zip]
[jsobola.atari8.info/DEREATARI/atarisch/1010s.zip]
[jsobola.atari8.info/DEREATARI/atarisch/1020.zip]
[jsobola.atari8.info/DEREATARI/atarisch/1025.zip]
[jsobola.atari8.info/DEREATARI/atarisch/1027.zip]
[jsobola.atari8.info/DEREATARI/atarisch/1029.zip]
[jsobola.atari8.info/DEREATARI/atarisch/1030.zip]
[jsobola.atari8.info/DEREATARI/atarisch/1050.zip]
[jsobola.atari8.info/DEREATARI/atarisch/1053.zip]
[jsobola.atari8.info/DEREATARI/atarisch/1064.zip]
[jsobola.atari8.info/DEREATARI/atarisch/1200xl.zip]
[jsobola.atari8.info/DEREATARI/atarisch/130xe.zip]
[jsobola.atari8.info/DEREATARI/atarisch/130xesr.zip]
[jsobola.atari8.info/DEREATARI/atarisch/1400xl.zip]
[jsobola.atari8.info/DEREATARI/atarisch/2600.zip]
[jsobola.atari8.info/DEREATARI/atarisch/400.zip]
[jsobola.atari8.info/DEREATARI/atarisch/410old.zip]
[jsobola.atari8.info/DEREATARI/atarisch/410new.zip]
[www.jsobola.atari8.info/dereatari/atarisch/5200.33.delayed]
[jsobola.atari8.info/DEREATARI/atarisch/600xl.zip]
[jsobola.atari8.info/DEREATARI/atarisch/65xe.zip]
[jsobola.atari8.info/DEREATARI/atarisch/7800.zip]
[jsobola.atari8.info/DEREATARI/atarisch/7800p.zip]
[jsobola.atari8.info/DEREATARI/atarisch/800.zip]
[jsobola.atari8.info/DEREATARI/atarisch/800xl.zip]
[jsobola.atari8.info/DEREATARI/atarisch/800xlf.zip]
[jsobola.atari8.info/DEREATARI/atarisch/800xlsr.zip]
[jsobola.atari8.info/DEREATARI/atarisch/810.zip]
[jsobola.atari8.info/DEREATARI/atarisch/820.zip]
[jsobola.atari8.info/DEREATARI/atarisch/822.zip]
[jsobola.atari8.info/DEREATARI/atarisch/825.zip]
[jsobola.atari8.info/DEREATARI/atarisch/830.zip]
[jsobola.atari8.info/DEREATARI/atarisch/835.zip]
[jsobola.atari8.info/DEREATARI/atarisch/850.zip]
[jsobola.atari8.info/DEREATARI/atarisch/action.zip]
[www.jsobola.atari8.info/dereatari/atarisch/astra1620.45.delayed]
[jsobola.atari8.info/DEREATARI/atarisch/arcadia.zip]
[jsobola.atari8.info/DEREATARI/atarisch/basxe.zip]
[jsobola.atari8.info/DEREATARI/atarisch/basxl.zip]
[jsobola.atari8.info/DEREATARI/atarisch/bb_org.zip]
[jsobola.atari8.info/DEREATARI/atarisch/bbflopor.zip]
[jsobola.atari8.info/DEREATARI/atarisch/ca160.zip]
[www.jsobola.atari8.info/dereatari/atarisch/ca2001.zip]
[jsobola.atari8.info/DEREATARI/atarisch/cartxlxe.zip]
[jsobola.atari8.info/DEREATARI/atarisch/cx85.zip]
[jsobola.atari8.info/DEREATARI/atarisch/d8002hs.zip]
[www.jsobola.atari8.info/dereatari/atarisch/epromy.zip]
[jsobola.atari8.info/DEREATARI/atarisch/freddie.zip]
[jsobola.atari8.info/DEREATARI/atarisch/he810.zip]
[jsobola.atari8.info/DEREATARI/atarisch/hwarp.zip]
[jsobola.atari8.info/DEREATARI/atarisch/indus_gt.zip]
[www.jsobola.atari8.info/dereatari/atarisch/ldw2000s.zip]
[jsobola.atari8.info/DEREATARI/atarisch/logo.zip]
[jsobola.atari8.info/DEREATARI/atarisch/maxi.zip]
[jsobola.atari8.info/DEREATARI/atarisch/karinmid.zip]
[jsobola.atari8.info/DEREATARI/atarisch/modulat.zip]
[jsobola.atari8.info/DEREATARI/atarisch/pbitest.zip]
[jsobola.atari8.info/DEREATARI/atarisch/percom.zip]
[jsobola.atari8.info/DEREATARI/atarisch/pofosch.zip]
[jsobola.atari8.info/DEREATARI/atarisch/ramex.zip]
[jsobola.atari8.info/DEREATARI/atarisch/rana1000.zip]
[jsobola.atari8.info/DEREATARI/atarisch/remojoy.zip]
[jsobola.atari8.info/DEREATARI/atarisch/sn360.zip]
[jsobola.atari8.info/DEREATARI/atarisch/sparta.zip]
[jsobola.atari8.info/DEREATARI/atarisch/spong.zip]
[jsobola.atari8.info/DEREATARI/atarisch/sx212.zip]
[jsobola.atari8.info/DEREATARI/atarisch/testcart.zip]
[jsobola.atari8.info/DEREATARI/atarisch/toms710.zip]
[jsobola.atari8.info/DEREATARI/atarisch/toms720.zip]
[jsobola.atari8.info/DEREATARI/atarisch/toms1050.zip]
[jsobola.atari8.info/DEREATARI/atarisch/trak.zip]
[jsobola.atari8.info/DEREATARI/atarisch/turbasic.zip]
[jsobola.atari8.info/DEREATARI/atarisch/turbo.zip]
[jsobola.atari8.info/DEREATARI/atarisch/vidmus.zip]
[jsobola.atari8.info/DEREATARI/atarisch/vpinball.zip]
[jsobola.atari8.info/DEREATARI/atarisch/xc11.zip]
[jsobola.atari8.info/DEREATARI/atarisch/xc12.zip]
[jsobola.atari8.info/DEREATARI/atarisch/xdm121.zip]
[jsobola.atari8.info/DEREATARI/atarisch/xep80.zip]
[jsobola.atari8.info/DEREATARI/atarisch/xesys.zip]
[jsobola.atari8.info/DEREATARI/atarisch/xf551.zip]
[jsobola.atari8.info/DEREATARI/atarisch/xfd601a.zip]
[jsobola.atari8.info/DEREATARI/atarisch/xm301.zip]
[jsobola.atari8.info/DEREATARI/atarisch/xmm801.zip]
[jsobola.atari8.info/DEREATARI/atarisch/adaptvga.zip]
[jsobola.atari8.info/DEREATARI/atarisch/ide_st.zip]
[jsobola.atari8.info/DEREATARI/atarisch/mysz_st.zip]
[jsobola.atari8.info/DEREATARI/atarisch/st_scsi.zip]
[jsobola.atari8.info/DEREATARI/atarisch/1040ste_fsm.pdf]
[jsobola.atari8.info/DEREATARI/atarisch/test_st.zip]
[jsobola.atari8.info/DEREATARI/atarisch/jaguar.zip]
[www.jsobola.atari8.info/dereatari/atariepr/1025.81.delayed]
[www.jsobola.atari8.info/dereatari/atariepr/1029eng.83.delayed]
[www.jsobola.atari8.info/dereatari/atariepr/1029pol.zip]
[www.jsobola.atari8.info/dereatari/atariepr/7800pal.zip]
[www.jsobola.atari8.info/dereatari/atariepr/7800pros.zip]
[www.jsobola.atari8.info/dereatari/atariepr/820.zip]
[www.jsobola.atari8.info/dereatari/atariepr/ast2000.zip]
[www.jsobola.atari8.info/dereatari/atariepr/astra1620.zip]
[www.jsobola.atari8.info/dereatari/atariepr/astturbo.zip]
[www.jsobola.atari8.info/dereatari/atariepr/at810.zip]
[www.jsobola.atari8.info/dereatari/atariepr/atari850.zip]
[www.jsobola.atari8.info/dereatari/atariepr/atarios.zip]
[www.jsobola.atari8.info/dereatari/atariepr/basicxl.zip]
[www.jsobola.atari8.info/dereatari/atariepr/bibomon.zip]
[www.jsobola.atari8.info/dereatari/atariepr/c024947a.zip]
[www.jsobola.atari8.info/dereatari/atariepr/c060302a.zip]
[www.jsobola.atari8.info/dereatari/atariepr/ca2001.zip]
[www.jsobola.atari8.info/dereatari/atariepr/co12399b.zip]
[www.jsobola.atari8.info/dereatari/atariepr/co12499b.zip]
[www.jsobola.atari8.info/dereatari/atariepr/co12599b.zip]
[www.jsobola.atari8.info/dereatari/atariepr/doscrt.zip]
[www.jsobola.atari8.info/dereatari/atariepr/happywar.zip]
[www.jsobola.atari8.info/dereatari/atariepr/highchip.zip]
[www.jsobola.atari8.info/dereatari/atariepr/indus12.zip]
[www.jsobola.atari8.info/dereatari/atariepr/indus14.zip]
[www.jsobola.atari8.info/dereatari/atariepr/ldwrom.zip]
[www.jsobola.atari8.info/dereatari/atariepr/logocrt.zip]
[www.jsobola.atari8.info/dereatari/atariepr/maxi1.zip]
[www.jsobola.atari8.info/dereatari/atariepr/multicart.zip]
[www.jsobola.atari8.info/dereatari/atariepr/omnimon.zip]
[www.jsobola.atari8.info/dereatari/atariepr/ospolxl.zip]
[www.jsobola.atari8.info/dereatari/atariepr/percom_rom.zip]
[www.jsobola.atari8.info/dereatari/atariepr/qmeg.zip]
[www.jsobola.atari8.info/dereatari/atariepr/qmeg4v4.zip]
[www.jsobola.atari8.info/dereatari/atariepr/qmegtoms.zip]
[www.jsobola.atari8.info/dereatari/atariepr/rana1000.zip]
[www.jsobola.atari8.info/dereatari/atariepr/rom1050a.zip]
[www.jsobola.atari8.info/dereatari/atariepr/rom1050b.zip]
[www.jsobola.atari8.info/dereatari/atariepr/rom5200.zip]
[www.jsobola.atari8.info/dereatari/atariepr/romxf551.zip]
[www.jsobola.atari8.info/dereatari/atariepr/sdxcrt.zip]
[www.jsobola.atari8.info/dereatari/atariepr/sys2000.zip]
[www.jsobola.atari8.info/dereatari/atariepr/systemxe.zip]
[www.jsobola.atari8.info/dereatari/atariepr/systemxl.zip]
[www.jsobola.atari8.info/dereatari/atariepr/t2000f.zip]
[www.jsobola.atari8.info/dereatari/atariepr/tbasicxl.zip]
[www.jsobola.atari8.info/dereatari/atariepr/telelink.zip]
[www.jsobola.atari8.info/dereatari/atariepr/test130.zip]
[www.jsobola.atari8.info/dereatari/atariepr/tippi.zip]
[www.jsobola.atari8.info/dereatari/atariepr/toms1050.zip]
[www.jsobola.atari8.info/dereatari/atariepr/toms360.zip]
[www.jsobola.atari8.info/dereatari/atariepr/toms710.zip]
[www.jsobola.atari8.info/dereatari/atariepr/toms720.zip]
[www.jsobola.atari8.info/dereatari/atariepr/top1050.zip]
[www.jsobola.atari8.info/dereatari/atariepr/topdrger.zip]
[www.jsobola.atari8.info/dereatari/atariepr/tophappy.zip]
[www.jsobola.atari8.info/dereatari/atariepr/turb2000.zip]
[www.jsobola.atari8.info/dereatari/atariepr/turbokso.zip]
[www.jsobola.atari8.info/dereatari/atariepr/ubasxe.zip]
[www.jsobola.atari8.info/dereatari/atariepr/usaction.zip]
[www.jsobola.atari8.info/dereatari/atariepr/warpguus.zip]
[www.jsobola.atari8.info/dereatari/atariepr/xdm121.zip]
[www.jsobola.atari8.info/dereatari/atariepr/xep80u12.zip]
[www.jsobola.atari8.info/dereatari/atariepr/xep80u2.zip]
[www.jsobola.atari8.info/dereatari/atariepr/xmm801.zip]
[www.jsobola.atari8.info/dereatari/atariepr/zabeztur.zip]
[jsobola.atari8.info/DEREATARI/schematy.html]
[jsobola.atari8.info/DEREATARI/images/serwis.gif]
[jsobola.atari8.info/DEREATARI/images/klips1.jpg]
[jsobola.atari8.info/DEREATARI/images/stosik.jpg]
[jsobola.atari8.info/DEREATARI/images/ram.gif]
[jsobola.atari8.info/DEREATARI/images/expkaren.gif]
[jsobola.atari8.info/DEREATARI/images/plytki1.jpg]
[jsobola.atari8.info/DEREATARI/images/expeprom.gif]
[jsobola.atari8.info/DEREATARI/atariepr/expeprom.zip]
[jsobola.atari8.info/DEREATARI/literatdere/dram.zip]
[jsobola.atari8.info/DEREATARI/images/delaylin.gif]
[jsobola.atari8.info/DEREATARI/images/zasil1.gif]
[jsobola.atari8.info/DEREATARI/images/keyb.gif]
[jsobola.atari8.info/DEREATARI/images/mod_xe.gif]
[jsobola.atari8.info/DEREATARI/images/modulxe.jpg]
[jsobola.atari8.info/DEREATARI/images/scart.gif]
[jsobola.atari8.info/DEREATARI/images/svideo.gif]
[jsobola.atari8.info/DEREATARI/images/chroma.gif]
[jsobola.atari8.info/DEREATARI/images/avout1.gif]
[jsobola.atari8.info/DEREATARI/images/xcfrag.gif]
[jsobola.atari8.info/DEREATARI/literatdere/dereatari.pdf]
[jsobola.atari8.info/DEREATARI/images/wyjsio.gif]
[jsobola.atari8.info/DEREATARI/images/pin8.gif]
[jsobola.atari8.info/DEREATARI/images/piny1_7.gif]
[jsobola.atari8.info/DEREATARI/images/piny12_13.gif]
[jsobola.atari8.info/DEREATARI/images/pin14.gif]
[jsobola.atari8.info/DEREATARI/images/colq7.gif]
[jsobola.atari8.info/DEREATARI/images/toraudio.gif]
[jsobola.atari8.info/DEREATARI/images/turbokso.gif]
[jsobola.atari8.info/DEREATARI/images/ksoint.gif]
[jsobola.atari8.info/DEREATARI/atariprg/t2000.zip]
[jsobola.atari8.info/DEREATARI/images/t2k.gif]
[jsobola.atari8.info/DEREATARI/images/01.jpg]
[jsobola.atari8.info/DEREATARI/images/02.jpg]
[jsobola.atari8.info/DEREATARI/images/04.jpg]
[jsobola.atari8.info/DEREATARI/images/05.jpg]
[jsobola.atari8.info/DEREATARI/images/07.jpg]
[jsobola.atari8.info/DEREATARI/images/06.jpg]
[jsobola.atari8.info/DEREATARI/images/08.jpg]
[jsobola.atari8.info/DEREATARI/images/09.jpg]
[jsobola.atari8.info/DEREATARI/images/1010rozklad.gif]
[jsobola.atari8.info/DEREATARI/images/1010plaski.gif]
[jsobola.atari8.info/DEREATARI/images/1010cienki.gif]
[jsobola.atari8.info/DEREATARI/images/1010frontmech.gif]
[jsobola.atari8.info/DEREATARI/atariprg/Klawisz1010c_kpl.zip]
[jsobola.atari8.info/DEREATARI/images/druk_klaw1010c.jpg]
[jsobola.atari8.info/DEREATARI/images/klawisze1010c.jpg]
[jsobola.atari8.info/DEREATARI/atariprg/Panel1010c.zip]
[jsobola.atari8.info/DEREATARI/atarisch/ldw2000s.zip]
[jsobola.atari8.info/DEREATARI/atariprg/test1050.zip]
[jsobola.atari8.info/DEREATARI/literatdere/is810.pdf]
[jsobola.atari8.info/DEREATARI/images/into.gif]
[jsobola.atari8.info/DEREATARI/images/wirnik.gif]
[jsobola.atari8.info/DEREATARI/images/zwarcie.gif]
[jsobola.atari8.info/DEREATARI/images/usuwanie.gif]
[jsobola.atari8.info/DEREATARI/images/1050timg.gif]
[jsobola.atari8.info/DEREATARI/images/floppy1.jpg]
[jsobola.atari8.info/DEREATARI/images/floppy2.jpg]
[jsobola.atari8.info/DEREATARI/images/1050wprt.gif]
[jsobola.atari8.info/DEREATARI/images/tophap.gif]
[jsobola.atari8.info/DEREATARI/atariepr/tophappy.zip]
[jsobola.atari8.info/DEREATARI/images/hapwarp.gif]
[jsobola.atari8.info/DEREATARI/atariepr/happywar.zip]
[jsobola.atari8.info/DEREATARI/atariprg/hapwarp.zip]
[jsobola.atari8.info/DEREATARI/images/luty.jpg]
[jsobola.atari8.info/DEREATARI/images/lutyzoom.jpg]
[jsobola.atari8.info/DEREATARI/images/ledxf551.jpg]
[jsobola.atari8.info/DEREATARI/images/remake1a.jpg]
[jsobola.atari8.info/DEREATARI/images/ledxf551a.gif]
[jsobola.atari8.info/DEREATARI/images/XF03.jpg]
[jsobola.atari8.info/DEREATARI/literatdere/MB88001A.pdf]
[jsobola.atari8.info/DEREATARI/images/pgca2001.jpg]
[jsobola.atari8.info/DEREATARI/images/docisk1.jpg]
[jsobola.atari8.info/DEREATARI/images/docisk2.jpg]
[jsobola.atari8.info/DEREATARI/images/wtykzasil.gif]
[jsobola.atari8.info/DEREATARI/images/1020s.jpg]
[jsobola.atari8.info/DEREATARI/images/1027s.jpg]
[jsobola.atari8.info/DEREATARI/images/link1027.gif]
[jsobola.atari8.info/DEREATARI/images/glowica.jpg]
[jsobola.atari8.info/DEREATARI/images/czcionka1027.gif]
[jsobola.atari8.info/DEREATARI/images/1029s.jpg]
[jsobola.atari8.info/DEREATARI/serw.html]
[jsobola.atari8.info/DEREATARI/images/literatura.gif]
[jsobola.atari8.info/DEREATARI/literatdere/6502code.pdf]
[jsobola.atari8.info/DEREATARI/literatdere/400_800sm.pdf]
[jsobola.atari8.info/DEREATARI/literatdere/1200xlfsm.pdf]
[jsobola.atari8.info/DEREATARI/literatdere/835fsm.pdf]
[jsobola.atari8.info/DEREATARI/literatdere/850om.pdf]
[jsobola.atari8.info/DEREATARI/literatdere/basic.pdf]
[jsobola.atari8.info/DEREATARI/literatdere/conowbasicxe.pdf]
[jsobola.atari8.info/DEREATARI/literatdere/intern.pdf]
[jsobola.atari8.info/DEREATARI/literatdere/tips.pdf]
[jsobola.atari8.info/DEREATARI/literatdere/810fsm.pdf]
[jsobola.atari8.info/DEREATARI/literatdere/ossource.zip]
[jsobola.atari8.info/DEREATARI/literatdere/1025fsm.pdf]
[jsobola.atari8.info/DEREATARI/literatdere/1025og.pdf]
[jsobola.atari8.info/DEREATARI/literatdere/1027fsm.pdf]
[jsobola.atari8.info/DEREATARI/literatdere/1050fsm.pdf]
[jsobola.atari8.info/DEREATARI/literatdere/5200fsm.pdf]
[jsobola.atari8.info/DEREATARI/literatdere/xefsm.pdf]
[jsobola.atari8.info/DEREATARI/literatdere/xmm801fsm.pdf]
[jsobola.atari8.info/DEREATARI/literat.html]
[jsobola.atari8.info/DEREATARI/literatdere/Dyskowe Systemy Operacyjne.pdf]
[jsobola.atari8.info/DEREATARI/images/omnie.gif]
[jsobola.atari8.info/DEREATARI/images/pusia.jpg]
[jsobola.atari8.info/DEREATARI/images/dalekop.jpg]
[jsobola.atari8.info/DEREATARI/images/tasma.gif]
[jsobola.atari8.info/DEREATARI/images/ural16a.gif]
[jsobola.atari8.info/DEREATARI/Karen/emek1.jpg]
[jsobola.atari8.info/DEREATARI/images/joasia1.jpg]
[jsobola.atari8.info/DEREATARI/images/ja.jpg]
[jsobola.atari8.info/DEREATARI/omnie.html]
[jsobola.atari8.info/DEREATARI/aqua.html]
[jsobola.atari8.info/DEREATARI/start.html]
[jsobola.atari8.info/DEREATARI/mojekons.html]
[jsobola.atari8.info/DEREATARI/images/400_800.gif]
[jsobola.atari8.info/DEREATARI/images/400_1.jpg]
[jsobola.atari8.info/DEREATARI/images/800_1.jpg]
[jsobola.atari8.info/DEREATARI/images/410tj_1.jpg]
[jsobola.atari8.info/DEREATARI/images/810_1.jpg]
[jsobola.atari8.info/DEREATARI/images/820_1.jpg]
[jsobola.atari8.info/DEREATARI/images/820_2.jpg]
[jsobola.atari8.info/DEREATARI/images/822_1.jpg]
[jsobola.atari8.info/DEREATARI/images/825_1.jpg]
[jsobola.atari8.info/DEREATARI/images/830_5.jpg]
[jsobola.atari8.info/DEREATARI/images/835_1.jpg]
[jsobola.atari8.info/DEREATARI/images/850_1.jpg]
[jsobola.atari8.info/DEREATARI/images/cx85_1.jpg]
[jsobola.atari8.info/DEREATARI/400.html]
[jsobola.atari8.info/DEREATARI/images/seria_xl.gif]
[jsobola.atari8.info/DEREATARI/images/1200xl_2.jpg]
[jsobola.atari8.info/DEREATARI/images/600xl_4.jpg]
[jsobola.atari8.info/DEREATARI/images/1010ab_1.jpg]
[jsobola.atari8.info/DEREATARI/images/1050_1.jpg]
[jsobola.atari8.info/DEREATARI/images/1020_2.jpg]
[jsobola.atari8.info/DEREATARI/images/1025_1.jpg]
[jsobola.atari8.info/DEREATARI/images/1027_1.jpg]
[jsobola.atari8.info/DEREATARI/images/1029_1.jpg]
[jsobola.atari8.info/DEREATARI/images/1064_3.jpg]
[jsobola.atari8.info/DEREATARI/images/1030_1.jpg]
[jsobola.atari8.info/DEREATARI/xl.html]
[jsobola.atari8.info/DEREATARI/images/seria_xe.gif]
[jsobola.atari8.info/DEREATARI/images/2xe_3.jpg]
[jsobola.atari8.info/DEREATARI/images/3xe_2.jpg]
[jsobola.atari8.info/DEREATARI/images/192xt_1.jpg]
[jsobola.atari8.info/DEREATARI/images/192xt_3.jpg]
[jsobola.atari8.info/DEREATARI/images/xes_2.jpg]
[jsobola.atari8.info/DEREATARI/images/xc11_3.jpg]
[jsobola.atari8.info/DEREATARI/images/xc12_1.jpg]
[jsobola.atari8.info/DEREATARI/images/xf551_1.jpg]
[jsobola.atari8.info/DEREATARI/images/xdm121_1.jpg]
[jsobola.atari8.info/DEREATARI/images/xmm801_1.jpg]
[jsobola.atari8.info/DEREATARI/images/xm301_1.jpg]
[jsobola.atari8.info/DEREATARI/images/sx212_1.jpg]
[jsobola.atari8.info/DEREATARI/images/xep80_5.jpg]
[jsobola.atari8.info/DEREATARI/xe.html]
[jsobola.atari8.info/DEREATARI/images/konsole.gif]
[jsobola.atari8.info/DEREATARI/images/touchme5.jpg]
[jsobola.atari8.info/DEREATARI/images/spong.jpg]
[jsobola.atari8.info/DEREATARI/images/vp_1.jpg]
[jsobola.atari8.info/DEREATARI/images/2600all3.jpg]
[jsobola.atari8.info/DEREATARI/images/cartridg.jpg]
[jsobola.atari8.info/DEREATARI/images/52002.jpg]
[jsobola.atari8.info/DEREATARI/images/52004.jpg]
[jsobola.atari8.info/DEREATARI/images/5200ad_1.jpg]
[jsobola.atari8.info/DEREATARI/images/5200trak.jpg]
[jsobola.atari8.info/DEREATARI/images/5200gadg.jpg]
[jsobola.atari8.info/DEREATARI/images/7800all2.jpg]
[jsobola.atari8.info/DEREATARI/images/lynxs_1.jpg]
[jsobola.atari8.info/DEREATARI/konsole.html]
[jsobola.atari8.info/DEREATARI/images/jagkpl.jpg]
[jsobola.atari8.info/DEREATARI/images/inne.gif]
[jsobola.atari8.info/DEREATARI/images/avm.jpg]
[jsobola.atari8.info/DEREATARI/images/dmp2002.jpg]
[jsobola.atari8.info/DEREATARI/images/cc91r_a.jpg]
[jsobola.atari8.info/DEREATARI/inne.html]
[jsobola.atari8.info/DEREATARI/images/cc91r_b.jpg]
[www.jsobola.atari8.info/dereatari/atarisch/5200.html]
[www.jsobola.atari8.info/dereatari/atarisch/astra1620.html]
[www.jsobola.atari8.info/dereatari/atarisch/ca2001.html]
[www.jsobola.atari8.info/dereatari/atarisch/epromy.html]
[jsobola.atari8.info/DEREATARI/atarisch/indus_gt.html]
[www.jsobola.atari8.info/dereatari/atarisch/ldw2000s.html]
[jsobola.atari8.info/DEREATARI/atarisch/maxi.html]
[www.jsobola.atari8.info/dereatari/atariepr/1025.html]
[www.jsobola.atari8.info/dereatari/atariepr/1029eng.html]
[www.jsobola.atari8.info/dereatari/atariepr/1029pol.html]
[www.jsobola.atari8.info/dereatari/atariepr/7800pal.html]
[www.jsobola.atari8.info/dereatari/atariepr/7800pros.html]
[www.jsobola.atari8.info/dereatari/atariepr/820.html]
[www.jsobola.atari8.info/dereatari/atariepr/ast2000.html]
[www.jsobola.atari8.info/dereatari/atariepr/astra1620.html]
[www.jsobola.atari8.info/dereatari/atariepr/astturbo.html]
[www.jsobola.atari8.info/dereatari/atariepr/at810.html]
[www.jsobola.atari8.info/dereatari/atariepr/atari850.html]
[www.jsobola.atari8.info/dereatari/atariepr/atarios.html]
[www.jsobola.atari8.info/dereatari/atariepr/basicxl.html]
[www.jsobola.atari8.info/dereatari/atariepr/bibomon.html]
[www.jsobola.atari8.info/dereatari/atariepr/c024947a.html]
[www.jsobola.atari8.info/dereatari/atariepr/c060302a.html]
[www.jsobola.atari8.info/dereatari/atariepr/ca2001.html]
[www.jsobola.atari8.info/dereatari/atariepr/co12399b.html]
[www.jsobola.atari8.info/dereatari/atariepr/co12499b.html]
[www.jsobola.atari8.info/dereatari/atariepr/co12599b.html]
[www.jsobola.atari8.info/dereatari/atariepr/doscrt.html]
[www.jsobola.atari8.info/dereatari/atariepr/happywar.html]
[www.jsobola.atari8.info/dereatari/atariepr/highchip.html]
[www.jsobola.atari8.info/dereatari/atariepr/indus12.html]
[www.jsobola.atari8.info/dereatari/atariepr/indus14.html]
[www.jsobola.atari8.info/dereatari/atariepr/ldwrom.html]
[www.jsobola.atari8.info/dereatari/atariepr/logocrt.html]
[www.jsobola.atari8.info/dereatari/atariepr/maxi1.html]
[www.jsobola.atari8.info/dereatari/atariepr/multicart.html]
[www.jsobola.atari8.info/dereatari/atariepr/omnimon.html]
[www.jsobola.atari8.info/dereatari/atariepr/ospolxl.html]
[www.jsobola.atari8.info/dereatari/atariepr/percom_rom.html]
[www.jsobola.atari8.info/dereatari/atariepr/qmeg.html]
[www.jsobola.atari8.info/dereatari/atariepr/qmeg4v4.html]
[www.jsobola.atari8.info/dereatari/atariepr/qmegtoms.html]
[www.jsobola.atari8.info/dereatari/atariepr/rana1000.html]
[www.jsobola.atari8.info/dereatari/atariepr/rom1050a.html]
[www.jsobola.atari8.info/dereatari/atariepr/rom1050b.html]
[www.jsobola.atari8.info/dereatari/atariepr/rom5200.html]
[www.jsobola.atari8.info/dereatari/atariepr/romxf551.html]
[www.jsobola.atari8.info/dereatari/atariepr/sdxcrt.html]
[www.jsobola.atari8.info/dereatari/atariepr/sys2000.html]
[www.jsobola.atari8.info/dereatari/atariepr/systemxe.html]
[www.jsobola.atari8.info/dereatari/atariepr/systemxl.html]
[www.jsobola.atari8.info/dereatari/atariepr/t2000f.html]
[www.jsobola.atari8.info/dereatari/atariepr/tbasicxl.html]
[www.jsobola.atari8.info/dereatari/atariepr/telelink.html]
[www.jsobola.atari8.info/dereatari/atariepr/test130.html]
[www.jsobola.atari8.info/dereatari/atariepr/tippi.html]
[www.jsobola.atari8.info/dereatari/atariepr/toms1050.html]
[www.jsobola.atari8.info/dereatari/atariepr/toms360.html]
[www.jsobola.atari8.info/dereatari/atariepr/toms710.html]
[www.jsobola.atari8.info/dereatari/atariepr/toms720.html]
[www.jsobola.atari8.info/dereatari/atariepr/top1050.html]
[www.jsobola.atari8.info/dereatari/atariepr/topdrger.html]
[www.jsobola.atari8.info/dereatari/atariepr/tophappy.html]
[www.jsobola.atari8.info/dereatari/atariepr/turb2000.html]
[www.jsobola.atari8.info/dereatari/atariepr/turbokso.html]
[www.jsobola.atari8.info/dereatari/atariepr/ubasxe.html]
[www.jsobola.atari8.info/dereatari/atariepr/usaction.html]
[www.jsobola.atari8.info/dereatari/atariepr/warpguus.html]
[www.jsobola.atari8.info/dereatari/atariepr/xdm121.html]
[www.jsobola.atari8.info/dereatari/atariepr/xep80u12.html]
[www.jsobola.atari8.info/dereatari/atariepr/xep80u2.html]
[www.jsobola.atari8.info/dereatari/atariepr/xmm801.html]
[www.jsobola.atari8.info/dereatari/atariepr/zabeztur.html]
[jsobola.atari8.info/DEREATARI/literatdere/xefsm.html]
